app/cooperatives/[id]/page.tsx(319,11): error TS2322: Type '{ title: string; value: string; subtitle: string; icon: Element; trend: { value: number; label: string; isPositive: true; }; }' is not assignable to type 'IntrinsicAttributes & StatsCardProps'.
  Property 'subtitle' does not exist on type 'IntrinsicAttributes & StatsCardProps'.
app/cooperatives/[id]/page.tsx(326,11): error TS2322: Type '{ title: string; value: string; subtitle: string; icon: Element; trend: { value: number; label: string; isPositive: true; }; }' is not assignable to type 'IntrinsicAttributes & StatsCardProps'.
  Property 'subtitle' does not exist on type 'IntrinsicAttributes & StatsCardProps'.
app/cooperatives/[id]/page.tsx(333,11): error TS2322: Type '{ title: string; value: string; subtitle: string; icon: Element; trend: { value: number; label: string; isPositive: true; }; }' is not assignable to type 'IntrinsicAttributes & StatsCardProps'.
  Property 'subtitle' does not exist on type 'IntrinsicAttributes & StatsCardProps'.
app/cooperatives/[id]/page.tsx(340,11): error TS2322: Type '{ title: string; value: string; subtitle: string; icon: Element; trend: { value: number; label: string; isPositive: false; }; }' is not assignable to type 'IntrinsicAttributes & StatsCardProps'.
  Property 'subtitle' does not exist on type 'IntrinsicAttributes & StatsCardProps'.
app/dashboard/page.tsx(298,11): error TS2322: Type '{ title: string; value: string; subtitle: string; icon: Element; trend: { value: number; label: string; isPositive: true; }; }' is not assignable to type 'IntrinsicAttributes & StatsCardProps'.
  Property 'subtitle' does not exist on type 'IntrinsicAttributes & StatsCardProps'.
app/dashboard/page.tsx(309,11): error TS2322: Type '{ title: string; value: string; subtitle: string; icon: Element; trend: { value: number; label: string; isPositive: true; }; }' is not assignable to type 'IntrinsicAttributes & StatsCardProps'.
  Property 'subtitle' does not exist on type 'IntrinsicAttributes & StatsCardProps'.
app/dashboard/page.tsx(320,11): error TS2322: Type '{ title: string; value: string; subtitle: string; icon: Element; trend: { value: number; label: string; isPositive: true; }; }' is not assignable to type 'IntrinsicAttributes & StatsCardProps'.
  Property 'subtitle' does not exist on type 'IntrinsicAttributes & StatsCardProps'.
app/dashboard/page.tsx(331,11): error TS2322: Type '{ title: string; value: string; subtitle: string; icon: Element; trend: { value: number; label: string; isPositive: false; }; }' is not assignable to type 'IntrinsicAttributes & StatsCardProps'.
  Property 'subtitle' does not exist on type 'IntrinsicAttributes & StatsCardProps'.
app/dashboard/page.tsx(466,30): error TS2322: Type '"success" | "error"' is not assignable to type '"default" | "success" | "warning" | "danger" | "info" | undefined'.
  Type '"error"' is not assignable to type '"default" | "success" | "warning" | "danger" | "info" | undefined'.
app/loans/[id]/page.tsx(105,22): error TS2322: Type '"default" | "success" | "error"' is not assignable to type '"default" | "success" | "warning" | "danger" | "info" | undefined'.
  Type '"error"' is not assignable to type '"default" | "success" | "warning" | "danger" | "info" | undefined'.
app/loans/[id]/page.tsx(299,28): error TS2322: Type '"error"' is not assignable to type '"default" | "success" | "warning" | "danger" | "info" | undefined'.
app/members/[id]/page.tsx(181,24): error TS2322: Type '"success" | "warning" | "error"' is not assignable to type '"default" | "success" | "warning" | "danger" | "info" | undefined'.
  Type '"error"' is not assignable to type '"default" | "success" | "warning" | "danger" | "info" | undefined'.
app/members/[id]/page.tsx(331,11): error TS2322: Type '{ title: string; value: string; subtitle: string; icon: Element; }' is not assignable to type 'IntrinsicAttributes & StatsCardProps'.
  Property 'subtitle' does not exist on type 'IntrinsicAttributes & StatsCardProps'.
app/members/[id]/page.tsx(341,11): error TS2322: Type '{ title: string; value: string; subtitle: string; icon: Element; }' is not assignable to type 'IntrinsicAttributes & StatsCardProps'.
  Property 'subtitle' does not exist on type 'IntrinsicAttributes & StatsCardProps'.
app/members/[id]/page.tsx(351,11): error TS2322: Type '{ title: string; value: string; subtitle: string; icon: Element; }' is not assignable to type 'IntrinsicAttributes & StatsCardProps'.
  Property 'subtitle' does not exist on type 'IntrinsicAttributes & StatsCardProps'.
app/members/[id]/page.tsx(361,11): error TS2322: Type '{ title: string; value: string; subtitle: string; icon: Element; }' is not assignable to type 'IntrinsicAttributes & StatsCardProps'.
  Property 'subtitle' does not exist on type 'IntrinsicAttributes & StatsCardProps'.
app/members/[id]/page.tsx(487,30): error TS2322: Type '"success" | "error"' is not assignable to type '"default" | "success" | "warning" | "danger" | "info" | undefined'.
  Type '"error"' is not assignable to type '"default" | "success" | "warning" | "danger" | "info" | undefined'.
app/members/[id]/page.tsx(693,75): error TS2322: Type '{ label: string; type: "number"; required: true; helperText: string; }' is not assignable to type 'IntrinsicAttributes & InputProps & RefAttributes<HTMLInputElement>'.
  Property 'helperText' does not exist on type 'IntrinsicAttributes & InputProps & RefAttributes<HTMLInputElement>'.
app/products/[id]/page.tsx(327,11): error TS2322: Type '{ title: string; value: string; subtitle: string; icon: Element; }' is not assignable to type 'IntrinsicAttributes & StatsCardProps'.
  Property 'subtitle' does not exist on type 'IntrinsicAttributes & StatsCardProps'.
app/products/[id]/page.tsx(333,11): error TS2322: Type '{ title: string; value: string; subtitle: string; icon: Element; }' is not assignable to type 'IntrinsicAttributes & StatsCardProps'.
  Property 'subtitle' does not exist on type 'IntrinsicAttributes & StatsCardProps'.
app/products/[id]/page.tsx(339,11): error TS2322: Type '{ title: string; value: string; subtitle: string; icon: Element; }' is not assignable to type 'IntrinsicAttributes & StatsCardProps'.
  Property 'subtitle' does not exist on type 'IntrinsicAttributes & StatsCardProps'.
app/products/[id]/page.tsx(345,11): error TS2322: Type '{ title: string; value: string; subtitle: string; icon: Element; }' is not assignable to type 'IntrinsicAttributes & StatsCardProps'.
  Property 'subtitle' does not exist on type 'IntrinsicAttributes & StatsCardProps'.
app/products/[id]/page.tsx(409,37): error TS2322: Type '"error"' is not assignable to type '"default" | "success" | "warning" | "danger" | "info" | undefined'.
app/settings/page.tsx(181,15): error TS2322: Type '{ label: string; type: "number"; defaultValue: number; helperText: string; }' is not assignable to type 'IntrinsicAttributes & InputProps & RefAttributes<HTMLInputElement>'.
  Property 'helperText' does not exist on type 'IntrinsicAttributes & InputProps & RefAttributes<HTMLInputElement>'.
app/settings/page.tsx(187,15): error TS2322: Type '{ label: string; type: "number"; defaultValue: number; helperText: string; }' is not assignable to type 'IntrinsicAttributes & InputProps & RefAttributes<HTMLInputElement>'.
  Property 'helperText' does not exist on type 'IntrinsicAttributes & InputProps & RefAttributes<HTMLInputElement>'.
app/settings/page.tsx(193,15): error TS2322: Type '{ label: string; type: "number"; defaultValue: number; helperText: string; }' is not assignable to type 'IntrinsicAttributes & InputProps & RefAttributes<HTMLInputElement>'.
  Property 'helperText' does not exist on type 'IntrinsicAttributes & InputProps & RefAttributes<HTMLInputElement>'.
app/settings/page.tsx(199,15): error TS2322: Type '{ label: string; type: "number"; defaultValue: number; helperText: string; }' is not assignable to type 'IntrinsicAttributes & InputProps & RefAttributes<HTMLInputElement>'.
  Property 'helperText' does not exist on type 'IntrinsicAttributes & InputProps & RefAttributes<HTMLInputElement>'.
app/settings/page.tsx(226,15): error TS2322: Type '{ label: string; type: "number"; step: string; defaultValue: number; helperText: string; }' is not assignable to type 'IntrinsicAttributes & InputProps & RefAttributes<HTMLInputElement>'.
  Property 'helperText' does not exist on type 'IntrinsicAttributes & InputProps & RefAttributes<HTMLInputElement>'.
app/settings/page.tsx(824,62): error TS2322: Type '{ label: string; type: "number"; helperText: string; }' is not assignable to type 'IntrinsicAttributes & InputProps & RefAttributes<HTMLInputElement>'.
  Property 'helperText' does not exist on type 'IntrinsicAttributes & InputProps & RefAttributes<HTMLInputElement>'.
components/ui/input.tsx(46,15): error TS2345: Argument of type 'false | "" | 0 | 0n | "pl-10" | null | undefined' is not assignable to parameter of type 'string | false | null | undefined'.
  Type '0' is not assignable to type 'string | false | null | undefined'.
